// Vitest Snapshot v1, https://vitest.dev/guide/snapshot.html

exports[`RootLayout > should match snapshot 1`] = `
<div>
  <html
    lang="en"
  >
    <head>
      <meta
        charset="utf-8"
      />
      <meta
        content="width=device-width, initial-scale=1"
        name="viewport"
      />
    </head>
    <body
      class="min-h-screen bg-background font-sans antialiased"
    >
      <div
        data-testid="theme-provider"
        data-theme-props="{"attribute":"class","defaultTheme":"system","enableSystem":true,"storageKey":"earthquake-ui-theme"}"
      />
    </body>
  </html>
</div>
`;
